Flow report for Genetico
Thu Aug 27 13:55:33 2026
Quartus Prime Version 20.1.1 Build 720 11/11/2020 SJ Lite Edition


---------------------
; Table of Contents ;
---------------------
  1. Legal Notice
  2. Flow Summary
  3. Flow Settings
  4. Flow Non-Default Global Settings
  5. Flow Elapsed Time
  6. Flow OS Summary
  7. Flow Log
  8. Flow Messages
  9. Flow Suppressed Messages



----------------
; Legal Notice ;
----------------
Copyright (C) 2020  Intel Corporation. All rights reserved.
Your use of Intel Corporation's design tools, logic functions 
and other software and tools, and any partner logic 
functions, and any output files from any of the foregoing 
(including device programming or simulation files), and any 
associated documentation or information are expressly subject 
to the terms and conditions of the Intel Program License 
Subscription Agreement, the Intel Quartus Prime License Agreement,
the Intel FPGA IP License Agreement, or other applicable license
agreement, including, without limitation, that your use is for
the sole purpose of programming logic devices manufactured by
Intel and sold by Intel or its authorized distributors.  Please
refer to the applicable agreement for further details, at
https://fpgasoftware.intel.com/eula.



+-------------------------------------------------------------------------------+
; Flow Summary                                                                  ;
+---------------------------------+---------------------------------------------+
; Flow Status                     ; Successful - Thu Aug 27 13:55:33 2026       ;
; Quartus Prime Version           ; 20.1.1 Build 720 11/11/2020 SJ Lite Edition ;
; Revision Name                   ; Genetico                                    ;
; Top-level Entity Name           ; ga_top_wrapper                              ;
; Family                          ; Cyclone V                                   ;
; Device                          ; 5CSEMA5F31C6                                ;
; Timing Models                   ; Final                                       ;
; Logic utilization (in ALMs)     ; 14,452 / 32,070 ( 45 % )                    ;
; Total registers                 ; 18564                                       ;
; Total pins                      ; 90 / 457 ( 20 % )                           ;
; Total virtual pins              ; 0                                           ;
; Total block memory bits         ; 58,624 / 4,065,280 ( 1 % )                  ;
; Total DSP Blocks                ; 11 / 87 ( 13 % )                            ;
; Total HSSI RX PCSs              ; 0                                           ;
; Total HSSI PMA RX Deserializers ; 0                                           ;
; Total HSSI TX PCSs              ; 0                                           ;
; Total HSSI PMA TX Serializers   ; 0                                           ;
; Total PLLs                      ; 0 / 6 ( 0 % )                               ;
; Total DLLs                      ; 0 / 4 ( 0 % )                               ;
+---------------------------------+---------------------------------------------+


+-----------------------------------------+
; Flow Settings                           ;
+-------------------+---------------------+
; Option            ; Setting             ;
+-------------------+---------------------+
; Start date & time ; 08/27/2026 13:43:40 ;
; Main task         ; Compilation         ;
; Revision Name     ; Genetico            ;
+-------------------+---------------------+


+---------------------------------------------------------------------------------------------------------------------------------------------------+
; Flow Non-Default Global Settings                                                                                                                  ;
+-------------------------------------+----------------------------------------+---------------+----------------+-----------------------------------+
; Assignment Name                     ; Value                                  ; Default Value ; Entity Name    ; Section Id                        ;
+-------------------------------------+----------------------------------------+---------------+----------------+-----------------------------------+
; COMPILER_SIGNATURE_ID               ; 5025751230150.178785981915516          ; --            ; --             ; --                                ;
; EDA_GENERATE_FUNCTIONAL_NETLIST     ; Off                                    ; --            ; --             ; eda_board_design_timing           ;
; EDA_GENERATE_FUNCTIONAL_NETLIST     ; Off                                    ; --            ; --             ; eda_board_design_boundary_scan    ;
; EDA_GENERATE_FUNCTIONAL_NETLIST     ; Off                                    ; --            ; --             ; eda_board_design_signal_integrity ;
; EDA_GENERATE_FUNCTIONAL_NETLIST     ; Off                                    ; --            ; --             ; eda_board_design_symbol           ;
; EDA_OUTPUT_DATA_FORMAT              ; Verilog Hdl                            ; --            ; --             ; eda_simulation                    ;
; EDA_SIMULATION_TOOL                 ; ModelSim-Altera (Verilog)              ; <None>        ; --             ; --                                ;
; EDA_TIME_SCALE                      ; 1 ps                                   ; --            ; --             ; eda_simulation                    ;
; MAX_CORE_JUNCTION_TEMP              ; 85                                     ; --            ; --             ; --                                ;
; MIN_CORE_JUNCTION_TEMP              ; 0                                      ; --            ; --             ; --                                ;
; PARTITION_COLOR                     ; -- (Not supported for targeted family) ; --            ; ga_top_wrapper ; Top                               ;
; PARTITION_FITTER_PRESERVATION_LEVEL ; -- (Not supported for targeted family) ; --            ; ga_top_wrapper ; Top                               ;
; PARTITION_NETLIST_TYPE              ; -- (Not supported for targeted family) ; --            ; ga_top_wrapper ; Top                               ;
; POWER_BOARD_THERMAL_MODEL           ; None (CONSERVATIVE)                    ; --            ; --             ; --                                ;
; POWER_PRESET_COOLING_SOLUTION       ; 23 MM HEAT SINK WITH 200 LFPM AIRFLOW  ; --            ; --             ; --                                ;
; PROJECT_OUTPUT_DIRECTORY            ; output_files                           ; --            ; --             ; --                                ;
; TOP_LEVEL_ENTITY                    ; ga_top_wrapper                         ; Genetico      ; --             ; --                                ;
+-------------------------------------+----------------------------------------+---------------+----------------+-----------------------------------+


+--------------------------------------------------------------------------------------------------------------------------+
; Flow Elapsed Time                                                                                                        ;
+----------------------+--------------+-------------------------+---------------------+------------------------------------+
; Module Name          ; Elapsed Time ; Average Processors Used ; Peak Virtual Memory ; Total CPU Time (on all processors) ;
+----------------------+--------------+-------------------------+---------------------+------------------------------------+
; Analysis & Synthesis ; 00:01:03     ; 1.0                     ; 5135 MB             ; 00:01:20                           ;
; Fitter               ; 00:10:09     ; 1.5                     ; 7519 MB             ; 00:22:21                           ;
; Assembler            ; 00:00:25     ; 1.0                     ; 5043 MB             ; 00:00:24                           ;
; Total                ; 00:11:37     ; --                      ; --                  ; 00:24:05                           ;
+----------------------+--------------+-------------------------+---------------------+------------------------------------+


+------------------------------------------------------------------------------------+
; Flow OS Summary                                                                    ;
+----------------------+------------------+------------+------------+----------------+
; Module Name          ; Machine Hostname ; OS Name    ; OS Version ; Processor type ;
+----------------------+------------------+------------+------------+----------------+
; Analysis & Synthesis ; DESKTOP-9PB29KV  ; Windows 10 ; 10.0       ; x86_64         ;
; Fitter               ; DESKTOP-9PB29KV  ; Windows 10 ; 10.0       ; x86_64         ;
; Assembler            ; DESKTOP-9PB29KV  ; Windows 10 ; 10.0       ; x86_64         ;
+----------------------+------------------+------------+------------+----------------+


------------
; Flow Log ;
------------
quartus_map --read_settings_files=on --write_settings_files=off Genetico2 -c Genetico
quartus_fit --read_settings_files=off --write_settings_files=off Genetico2 -c Genetico
quartus_asm --read_settings_files=off --write_settings_files=off Genetico2 -c Genetico



