Analysis & Synthesis report for Genetico
Wed Aug 26 21:31:44 2026
Quartus Prime Version 20.1.1 Build 720 11/11/2020 SJ Lite Edition


---------------------
; Table of Contents ;
---------------------
  1. Legal Notice
  2. Analysis & Synthesis Summary
  3. Analysis & Synthesis Settings
  4. Parallel Compilation
  5. Analysis & Synthesis Source Files Read
  6. Analysis & Synthesis Resource Usage Summary
  7. Analysis & Synthesis Resource Utilization by Entity
  8. Analysis & Synthesis DSP Block Usage Summary
  9. State Machine - |ga_top_wrapper|ga_engine_top:u_ga_core|state
 10. Registers Removed During Synthesis
 11. General Register Statistics
 12. Inverted Register Statistics
 13. Multiplexer Restructuring Statistics (Restructuring Performed)
 14. Parameter Settings for User Entity Instance: Top-level Entity: |ga_top_wrapper
 15. Parameter Settings for User Entity Instance: ga_engine_top:u_ga_core
 16. Parameter Settings for Inferred Entity Instance: ga_engine_top:u_ga_core|lpm_divide:Div0
 17. Port Connectivity Checks: "ga_engine_top:u_ga_core"
 18. Port Connectivity Checks: "lfsr_32:u_lfsr"
 19. Post-Synthesis Netlist Statistics for Top Partition
 20. Elapsed Time Per Partition
 21. Analysis & Synthesis Messages
 22. Analysis & Synthesis Suppressed Messages



----------------
; Legal Notice ;
----------------
Copyright (C) 2020  Intel Corporation. All rights reserved.
Your use of Intel Corporation's design tools, logic functions 
and other software and tools, and any partner logic 
functions, and any output files from any of the foregoing 
(including device programming or simulation files), and any 
associated documentation or information are expressly subject 
to the terms and conditions of the Intel Program License 
Subscription Agreement, the Intel Quartus Prime License Agreement,
the Intel FPGA IP License Agreement, or other applicable license
agreement, including, without limitation, that your use is for
the sole purpose of programming logic devices manufactured by
Intel and sold by Intel or its authorized distributors.  Please
refer to the applicable agreement for further details, at
https://fpgasoftware.intel.com/eula.



+-------------------------------------------------------------------------------+
; Analysis & Synthesis Summary                                                  ;
+---------------------------------+---------------------------------------------+
; Analysis & Synthesis Status     ; Successful - Wed Aug 26 21:31:44 2026       ;
; Quartus Prime Version           ; 20.1.1 Build 720 11/11/2020 SJ Lite Edition ;
; Revision Name                   ; Genetico                                    ;
; Top-level Entity Name           ; ga_top_wrapper                              ;
; Family                          ; Cyclone V                                   ;
; Logic utilization (in ALMs)     ; N/A                                         ;
; Total registers                 ; 15548                                       ;
; Total pins                      ; 88                                          ;
; Total virtual pins              ; 0                                           ;
; Total block memory bits         ; 0                                           ;
; Total DSP Blocks                ; 1                                           ;
; Total HSSI RX PCSs              ; 0                                           ;
; Total HSSI PMA RX Deserializers ; 0                                           ;
; Total HSSI TX PCSs              ; 0                                           ;
; Total HSSI PMA TX Serializers   ; 0                                           ;
; Total PLLs                      ; 0                                           ;
; Total DLLs                      ; 0                                           ;
+---------------------------------+---------------------------------------------+


+---------------------------------------------------------------------------------------------------------------------------+
; Analysis & Synthesis Settings                                                                                             ;
+---------------------------------------------------------------------------------+--------------------+--------------------+
; Option                                                                          ; Setting            ; Default Value      ;
+---------------------------------------------------------------------------------+--------------------+--------------------+
; Device                                                                          ; 5CSEMA5F31C6       ;                    ;
; Top-level entity name                                                           ; ga_top_wrapper     ; Genetico           ;
; Family name                                                                     ; Cyclone V          ; Cyclone V          ;
; Use smart compilation                                                           ; Off                ; Off                ;
; Enable parallel Assembler and Timing Analyzer during compilation                ; On                 ; On                 ;
; Enable compact report table                                                     ; Off                ; Off                ;
; Restructure Multiplexers                                                        ; Auto               ; Auto               ;
; MLAB Add Timing Constraints For Mixed-Port Feed-Through Mode Setting Don't Care ; Off                ; Off                ;
; Create Debugging Nodes for IP Cores                                             ; Off                ; Off                ;
; Preserve fewer node names                                                       ; On                 ; On                 ;
; Intel FPGA IP Evaluation Mode                                                   ; Enable             ; Enable             ;
; Verilog Version                                                                 ; Verilog_2001       ; Verilog_2001       ;
; VHDL Version                                                                    ; VHDL_1993          ; VHDL_1993          ;
; State Machine Processing                                                        ; Auto               ; Auto               ;
; Safe State Machine                                                              ; Off                ; Off                ;
; Extract Verilog State Machines                                                  ; On                 ; On                 ;
; Extract VHDL State Machines                                                     ; On                 ; On                 ;
; Ignore Verilog initial constructs                                               ; Off                ; Off                ;
; Iteration limit for constant Verilog loops                                      ; 5000               ; 5000               ;
; Iteration limit for non-constant Verilog loops                                  ; 250                ; 250                ;
; Add Pass-Through Logic to Inferred RAMs                                         ; On                 ; On                 ;
; Infer RAMs from Raw Logic                                                       ; On                 ; On                 ;
; Parallel Synthesis                                                              ; On                 ; On                 ;
; DSP Block Balancing                                                             ; Auto               ; Auto               ;
; NOT Gate Push-Back                                                              ; On                 ; On                 ;
; Power-Up Don't Care                                                             ; On                 ; On                 ;
; Remove Redundant Logic Cells                                                    ; Off                ; Off                ;
; Remove Duplicate Registers                                                      ; On                 ; On                 ;
; Ignore CARRY Buffers                                                            ; Off                ; Off                ;
; Ignore CASCADE Buffers                                                          ; Off                ; Off                ;
; Ignore GLOBAL Buffers                                                           ; Off                ; Off                ;
; Ignore ROW GLOBAL Buffers                                                       ; Off                ; Off                ;
; Ignore LCELL Buffers                                                            ; Off                ; Off                ;
; Ignore SOFT Buffers                                                             ; On                 ; On                 ;
; Limit AHDL Integers to 32 Bits                                                  ; Off                ; Off                ;
; Optimization Technique                                                          ; Balanced           ; Balanced           ;
; Carry Chain Length                                                              ; 70                 ; 70                 ;
; Auto Carry Chains                                                               ; On                 ; On                 ;
; Auto Open-Drain Pins                                                            ; On                 ; On                 ;
; Perform WYSIWYG Primitive Resynthesis                                           ; Off                ; Off                ;
; Auto ROM Replacement                                                            ; On                 ; On                 ;
; Auto RAM Replacement                                                            ; On                 ; On                 ;
; Auto DSP Block Replacement                                                      ; On                 ; On                 ;
; Auto Shift Register Replacement                                                 ; Auto               ; Auto               ;
; Allow Shift Register Merging across Hierarchies                                 ; Auto               ; Auto               ;
; Auto Clock Enable Replacement                                                   ; On                 ; On                 ;
; Strict RAM Replacement                                                          ; Off                ; Off                ;
; Allow Synchronous Control Signals                                               ; On                 ; On                 ;
; Force Use of Synchronous Clear Signals                                          ; Off                ; Off                ;
; Auto Resource Sharing                                                           ; Off                ; Off                ;
; Allow Any RAM Size For Recognition                                              ; Off                ; Off                ;
; Allow Any ROM Size For Recognition                                              ; Off                ; Off                ;
; Allow Any Shift Register Size For Recognition                                   ; Off                ; Off                ;
; Use LogicLock Constraints during Resource Balancing                             ; On                 ; On                 ;
; Ignore translate_off and synthesis_off directives                               ; Off                ; Off                ;
; Timing-Driven Synthesis                                                         ; On                 ; On                 ;
; Report Parameter Settings                                                       ; On                 ; On                 ;
; Report Source Assignments                                                       ; On                 ; On                 ;
; Report Connectivity Checks                                                      ; On                 ; On                 ;
; Ignore Maximum Fan-Out Assignments                                              ; Off                ; Off                ;
; Synchronization Register Chain Length                                           ; 3                  ; 3                  ;
; Power Optimization During Synthesis                                             ; Normal compilation ; Normal compilation ;
; HDL message level                                                               ; Level2             ; Level2             ;
; Suppress Register Optimization Related Messages                                 ; Off                ; Off                ;
; Number of Removed Registers Reported in Synthesis Report                        ; 5000               ; 5000               ;
; Number of Swept Nodes Reported in Synthesis Report                              ; 5000               ; 5000               ;
; Number of Inverted Registers Reported in Synthesis Report                       ; 100                ; 100                ;
; Clock MUX Protection                                                            ; On                 ; On                 ;
; Auto Gated Clock Conversion                                                     ; Off                ; Off                ;
; Block Design Naming                                                             ; Auto               ; Auto               ;
; SDC constraint protection                                                       ; Off                ; Off                ;
; Synthesis Effort                                                                ; Auto               ; Auto               ;
; Shift Register Replacement - Allow Asynchronous Clear Signal                    ; On                 ; On                 ;
; Pre-Mapping Resynthesis Optimization                                            ; Off                ; Off                ;
; Analysis & Synthesis Message Level                                              ; Medium             ; Medium             ;
; Disable Register Merging Across Hierarchies                                     ; Auto               ; Auto               ;
; Resource Aware Inference For Block RAM                                          ; On                 ; On                 ;
; Automatic Parallel Synthesis                                                    ; On                 ; On                 ;
; Partial Reconfiguration Bitstream ID                                            ; Off                ; Off                ;
+---------------------------------------------------------------------------------+--------------------+--------------------+


+------------------------------------------+
; Parallel Compilation                     ;
+----------------------------+-------------+
; Processors                 ; Number      ;
+----------------------------+-------------+
; Number detected on machine ; 8           ;
; Maximum allowed            ; 8           ;
;                            ;             ;
; Average used               ; 1.02        ;
; Maximum used               ; 8           ;
;                            ;             ;
; Usage by Processor         ; % Time Used ;
;     Processor 1            ; 100.0%      ;
;     Processor 2            ;   0.2%      ;
;     Processor 3            ;   0.2%      ;
;     Processor 4            ;   0.2%      ;
;     Processor 5            ;   0.2%      ;
;     Processor 6            ;   0.2%      ;
;     Processor 7            ;   0.2%      ;
;     Processor 8            ;   0.2%      ;
+----------------------------+-------------+


+--------------------------------------------------------------------------------------------------------------------------------------------------------------------------+
; Analysis & Synthesis Source Files Read                                                                                                                                   ;
+----------------------------------+-----------------+------------------------------+----------------------------------------------------------------------------+---------+
; File Name with User-Entered Path ; Used in Netlist ; File Type                    ; File Name with Absolute Path                                               ; Library ;
+----------------------------------+-----------------+------------------------------+----------------------------------------------------------------------------+---------+
; ga_engine_top.v                  ; yes             ; User Verilog HDL File        ; D:/Documentos/robot contro/microprocesador/FPGA/ga_engine_top.v            ;         ;
; lfsr_32.v                        ; yes             ; User Verilog HDL File        ; D:/Documentos/robot contro/microprocesador/FPGA/lfsr_32.v                  ;         ;
; ga_top_wrapper.v                 ; yes             ; User Verilog HDL File        ; D:/Documentos/robot contro/microprocesador/FPGA/ga_top_wrapper.v           ;         ;
; output_files/hex7seg.v           ; yes             ; User Verilog HDL File        ; D:/Documentos/robot contro/microprocesador/FPGA/output_files/hex7seg.v     ;         ;
; lpm_divide.tdf                   ; yes             ; Megafunction                 ; c:/intelfpga_lite/20.1/quartus/libraries/megafunctions/lpm_divide.tdf      ;         ;
; abs_divider.inc                  ; yes             ; Megafunction                 ; c:/intelfpga_lite/20.1/quartus/libraries/megafunctions/abs_divider.inc     ;         ;
; sign_div_unsign.inc              ; yes             ; Megafunction                 ; c:/intelfpga_lite/20.1/quartus/libraries/megafunctions/sign_div_unsign.inc ;         ;
; aglobal201.inc                   ; yes             ; Megafunction                 ; c:/intelfpga_lite/20.1/quartus/libraries/megafunctions/aglobal201.inc      ;         ;
; db/lpm_divide_ibm.tdf            ; yes             ; Auto-Generated Megafunction  ; D:/Documentos/robot contro/microprocesador/FPGA/db/lpm_divide_ibm.tdf      ;         ;
; db/sign_div_unsign_olh.tdf       ; yes             ; Auto-Generated Megafunction  ; D:/Documentos/robot contro/microprocesador/FPGA/db/sign_div_unsign_olh.tdf ;         ;
; db/alt_u_div_mve.tdf             ; yes             ; Auto-Generated Megafunction  ; D:/Documentos/robot contro/microprocesador/FPGA/db/alt_u_div_mve.tdf       ;         ;
+----------------------------------+-----------------+------------------------------+----------------------------------------------------------------------------+---------+


+--------------------------------------------------------------+
; Analysis & Synthesis Resource Usage Summary                  ;
+---------------------------------------------+----------------+
; Resource                                    ; Usage          ;
+---------------------------------------------+----------------+
; Estimate of Logic utilization (ALMs needed) ; 18783          ;
;                                             ;                ;
; Combinational ALUT usage for logic          ; 11925          ;
;     -- 7 input functions                    ; 0              ;
;     -- 6 input functions                    ; 10287          ;
;     -- 5 input functions                    ; 91             ;
;     -- 4 input functions                    ; 1021           ;
;     -- <=3 input functions                  ; 526            ;
;                                             ;                ;
; Dedicated logic registers                   ; 15548          ;
;                                             ;                ;
; I/O pins                                    ; 88             ;
;                                             ;                ;
; Total DSP Blocks                            ; 1              ;
;                                             ;                ;
; Maximum fan-out node                        ; CLOCK_50~input ;
; Maximum fan-out                             ; 15548          ;
; Total fan-out                               ; 145307         ;
; Average fan-out                             ; 5.26           ;
+---------------------------------------------+----------------+


+-----------------------------------------------------------------------------------------------------------------------------------------------------------------------------------------------------------------------------------------------------------------------------------------------------------------------------------+
; Analysis & Synthesis Resource Utilization by Entity                                                                                                                                                                                                                                                                               ;
+-------------------------------------------+---------------------+---------------------------+-------------------+------------+------+--------------+-----------------------------------------------------------------------------------------------------------------------------------------+---------------------+--------------+
; Compilation Hierarchy Node                ; Combinational ALUTs ; Dedicated Logic Registers ; Block Memory Bits ; DSP Blocks ; Pins ; Virtual Pins ; Full Hierarchy Name                                                                                                                     ; Entity Name         ; Library Name ;
+-------------------------------------------+---------------------+---------------------------+-------------------+------------+------+--------------+-----------------------------------------------------------------------------------------------------------------------------------------+---------------------+--------------+
; |ga_top_wrapper                           ; 11925 (1)           ; 15548 (0)                 ; 0                 ; 1          ; 88   ; 0            ; |ga_top_wrapper                                                                                                                         ; ga_top_wrapper      ; work         ;
;    |ga_engine_top:u_ga_core|              ; 11882 (11569)       ; 15548 (15548)             ; 0                 ; 1          ; 0    ; 0            ; |ga_top_wrapper|ga_engine_top:u_ga_core                                                                                                 ; ga_engine_top       ; work         ;
;       |lpm_divide:Div0|                   ; 313 (0)             ; 0 (0)                     ; 0                 ; 0          ; 0    ; 0            ; |ga_top_wrapper|ga_engine_top:u_ga_core|lpm_divide:Div0                                                                                 ; lpm_divide          ; work         ;
;          |lpm_divide_ibm:auto_generated|  ; 313 (0)             ; 0 (0)                     ; 0                 ; 0          ; 0    ; 0            ; |ga_top_wrapper|ga_engine_top:u_ga_core|lpm_divide:Div0|lpm_divide_ibm:auto_generated                                                   ; lpm_divide_ibm      ; work         ;
;             |sign_div_unsign_olh:divider| ; 313 (0)             ; 0 (0)                     ; 0                 ; 0          ; 0    ; 0            ; |ga_top_wrapper|ga_engine_top:u_ga_core|lpm_divide:Div0|lpm_divide_ibm:auto_generated|sign_div_unsign_olh:divider                       ; sign_div_unsign_olh ; work         ;
;                |alt_u_div_mve:divider|    ; 313 (313)           ; 0 (0)                     ; 0                 ; 0          ; 0    ; 0            ; |ga_top_wrapper|ga_engine_top:u_ga_core|lpm_divide:Div0|lpm_divide_ibm:auto_generated|sign_div_unsign_olh:divider|alt_u_div_mve:divider ; alt_u_div_mve       ; work         ;
;    |hex7seg:u_hex0|                       ; 7 (7)               ; 0 (0)                     ; 0                 ; 0          ; 0    ; 0            ; |ga_top_wrapper|hex7seg:u_hex0                                                                                                          ; hex7seg             ; work         ;
;    |hex7seg:u_hex1|                       ; 7 (7)               ; 0 (0)                     ; 0                 ; 0          ; 0    ; 0            ; |ga_top_wrapper|hex7seg:u_hex1                                                                                                          ; hex7seg             ; work         ;
;    |hex7seg:u_hex2|                       ; 7 (7)               ; 0 (0)                     ; 0                 ; 0          ; 0    ; 0            ; |ga_top_wrapper|hex7seg:u_hex2                                                                                                          ; hex7seg             ; work         ;
;    |hex7seg:u_hex3|                       ; 7 (7)               ; 0 (0)                     ; 0                 ; 0          ; 0    ; 0            ; |ga_top_wrapper|hex7seg:u_hex3                                                                                                          ; hex7seg             ; work         ;
;    |hex7seg:u_hex4|                       ; 7 (7)               ; 0 (0)                     ; 0                 ; 0          ; 0    ; 0            ; |ga_top_wrapper|hex7seg:u_hex4                                                                                                          ; hex7seg             ; work         ;
;    |hex7seg:u_hex5|                       ; 7 (7)               ; 0 (0)                     ; 0                 ; 0          ; 0    ; 0            ; |ga_top_wrapper|hex7seg:u_hex5                                                                                                          ; hex7seg             ; work         ;
+-------------------------------------------+---------------------+---------------------------+-------------------+------------+------+--------------+-----------------------------------------------------------------------------------------------------------------------------------------+---------------------+--------------+
Note: For table entries with two numbers listed, the numbers in parentheses indicate the number of resources of the given type used by the specific entity alone. The numbers listed outside of parentheses indicate the total resources of the given type used by the specific entity and all of its sub-entities in the hierarchy.


+----------------------------------------------+
; Analysis & Synthesis DSP Block Usage Summary ;
+-------------------------------+--------------+
; Statistic                     ; Number Used  ;
+-------------------------------+--------------+
; Independent 18x18 plus 36     ; 1            ;
; Total number of DSP blocks    ; 1            ;
;                               ;              ;
; Fixed Point Signed Multiplier ; 1            ;
+-------------------------------+--------------+


Encoding Type:  One-Hot
+------------------------------------------------------------------------------------------------------------------------------------------------------------------------------------------------------------------------------------------------------------------+
; State Machine - |ga_top_wrapper|ga_engine_top:u_ga_core|state                                                                                                                                                                                                    ;
+------------------------+----------------------+----------------------+----------------------+------------------------+------------------------+------------------------+-----------------------+-----------------------+----------------------+------------------+
; Name                   ; state.STATE_FINISHED ; state.STATE_NEXT_GEN ; state.STATE_MUTATION ; state.STATE_CROSS_LOOP ; state.STATE_CROSS_INIT ; state.STATE_EVAL_STORE ; state.STATE_EVAL_LOOP ; state.STATE_EVAL_INIT ; state.STATE_INIT_POP ; state.STATE_IDLE ;
+------------------------+----------------------+----------------------+----------------------+------------------------+------------------------+------------------------+-----------------------+-----------------------+----------------------+------------------+
; state.STATE_IDLE       ; 0                    ; 0                    ; 0                    ; 0                      ; 0                      ; 0                      ; 0                     ; 0                     ; 0                    ; 0                ;
; state.STATE_INIT_POP   ; 0                    ; 0                    ; 0                    ; 0                      ; 0                      ; 0                      ; 0                     ; 0                     ; 1                    ; 1                ;
; state.STATE_EVAL_INIT  ; 0                    ; 0                    ; 0                    ; 0                      ; 0                      ; 0                      ; 0                     ; 1                     ; 0                    ; 1                ;
; state.STATE_EVAL_LOOP  ; 0                    ; 0                    ; 0                    ; 0                      ; 0                      ; 0                      ; 1                     ; 0                     ; 0                    ; 1                ;
; state.STATE_EVAL_STORE ; 0                    ; 0                    ; 0                    ; 0                      ; 0                      ; 1                      ; 0                     ; 0                     ; 0                    ; 1                ;
; state.STATE_CROSS_INIT ; 0                    ; 0                    ; 0                    ; 0                      ; 1                      ; 0                      ; 0                     ; 0                     ; 0                    ; 1                ;
; state.STATE_CROSS_LOOP ; 0                    ; 0                    ; 0                    ; 1                      ; 0                      ; 0                      ; 0                     ; 0                     ; 0                    ; 1                ;
; state.STATE_MUTATION   ; 0                    ; 0                    ; 1                    ; 0                      ; 0                      ; 0                      ; 0                     ; 0                     ; 0                    ; 1                ;
; state.STATE_NEXT_GEN   ; 0                    ; 1                    ; 0                    ; 0                      ; 0                      ; 0                      ; 0                     ; 0                     ; 0                    ; 1                ;
; state.STATE_FINISHED   ; 1                    ; 0                    ; 0                    ; 0                      ; 0                      ; 0                      ; 0                     ; 0                     ; 0                    ; 1                ;
+------------------------+----------------------+----------------------+----------------------+------------------------+------------------------+------------------------+-----------------------+-----------------------+----------------------+------------------+


+---------------------------------------------------------------------------------+
; Registers Removed During Synthesis                                              ;
+----------------------------------------+----------------------------------------+
; Register name                          ; Reason for Removal                     ;
+----------------------------------------+----------------------------------------+
; ga_engine_top:u_ga_core|p1_idx[4..7]   ; Stuck at GND due to stuck port data_in ;
; ga_engine_top:u_ga_core|p2_idx[4..7]   ; Stuck at GND due to stuck port data_in ;
; ga_engine_top:u_ga_core|state~14       ; Lost fanout                            ;
; ga_engine_top:u_ga_core|state~15       ; Lost fanout                            ;
; ga_engine_top:u_ga_core|state~16       ; Lost fanout                            ;
; ga_engine_top:u_ga_core|state~17       ; Lost fanout                            ;
; Total Number of Removed Registers = 12 ;                                        ;
+----------------------------------------+----------------------------------------+


+------------------------------------------------------+
; General Register Statistics                          ;
+----------------------------------------------+-------+
; Statistic                                    ; Value ;
+----------------------------------------------+-------+
; Total registers                              ; 15548 ;
; Number of registers using Synchronous Clear  ; 32    ;
; Number of registers using Synchronous Load   ; 15361 ;
; Number of registers using Asynchronous Clear ; 180   ;
; Number of registers using Asynchronous Load  ; 0     ;
; Number of registers using Clock Enable       ; 15505 ;
; Number of registers using Preset             ; 0     ;
+----------------------------------------------+-------+


+----------------------------------------------------+
; Inverted Register Statistics                       ;
+------------------------------------------+---------+
; Inverted Register                        ; Fan out ;
+------------------------------------------+---------+
; ga_engine_top:u_ga_core|best_fitness[0]  ; 8       ;
; ga_engine_top:u_ga_core|best_fitness[1]  ; 8       ;
; ga_engine_top:u_ga_core|best_fitness[2]  ; 8       ;
; ga_engine_top:u_ga_core|best_fitness[3]  ; 8       ;
; ga_engine_top:u_ga_core|best_fitness[4]  ; 8       ;
; ga_engine_top:u_ga_core|best_fitness[5]  ; 8       ;
; ga_engine_top:u_ga_core|best_fitness[6]  ; 8       ;
; ga_engine_top:u_ga_core|best_fitness[7]  ; 8       ;
; ga_engine_top:u_ga_core|best_fitness[8]  ; 8       ;
; ga_engine_top:u_ga_core|best_fitness[9]  ; 8       ;
; ga_engine_top:u_ga_core|best_fitness[10] ; 8       ;
; ga_engine_top:u_ga_core|best_fitness[11] ; 8       ;
; ga_engine_top:u_ga_core|best_fitness[12] ; 8       ;
; ga_engine_top:u_ga_core|best_fitness[13] ; 8       ;
; ga_engine_top:u_ga_core|best_fitness[14] ; 8       ;
; ga_engine_top:u_ga_core|best_fitness[15] ; 8       ;
; ga_engine_top:u_ga_core|best_fitness[16] ; 8       ;
; ga_engine_top:u_ga_core|best_fitness[17] ; 8       ;
; ga_engine_top:u_ga_core|best_fitness[18] ; 8       ;
; ga_engine_top:u_ga_core|best_fitness[19] ; 8       ;
; ga_engine_top:u_ga_core|best_fitness[20] ; 8       ;
; ga_engine_top:u_ga_core|best_fitness[21] ; 8       ;
; ga_engine_top:u_ga_core|best_fitness[22] ; 8       ;
; ga_engine_top:u_ga_core|best_fitness[23] ; 8       ;
; ga_engine_top:u_ga_core|best_fitness[24] ; 1       ;
; ga_engine_top:u_ga_core|best_fitness[25] ; 1       ;
; ga_engine_top:u_ga_core|best_fitness[26] ; 1       ;
; ga_engine_top:u_ga_core|best_fitness[27] ; 1       ;
; ga_engine_top:u_ga_core|best_fitness[28] ; 1       ;
; ga_engine_top:u_ga_core|best_fitness[29] ; 1       ;
; ga_engine_top:u_ga_core|best_fitness[30] ; 1       ;
; ga_engine_top:u_ga_core|best_fitness[31] ; 1       ;
; ga_engine_top:u_ga_core|min_fitness[0]   ; 2       ;
; ga_engine_top:u_ga_core|min_fitness[1]   ; 3       ;
; ga_engine_top:u_ga_core|min_fitness[2]   ; 3       ;
; ga_engine_top:u_ga_core|min_fitness[3]   ; 3       ;
; ga_engine_top:u_ga_core|min_fitness[4]   ; 3       ;
; ga_engine_top:u_ga_core|min_fitness[5]   ; 3       ;
; ga_engine_top:u_ga_core|min_fitness[6]   ; 3       ;
; ga_engine_top:u_ga_core|min_fitness[7]   ; 3       ;
; ga_engine_top:u_ga_core|min_fitness[8]   ; 3       ;
; ga_engine_top:u_ga_core|min_fitness[9]   ; 3       ;
; ga_engine_top:u_ga_core|min_fitness[10]  ; 3       ;
; ga_engine_top:u_ga_core|min_fitness[11]  ; 3       ;
; ga_engine_top:u_ga_core|min_fitness[12]  ; 3       ;
; ga_engine_top:u_ga_core|min_fitness[13]  ; 3       ;
; ga_engine_top:u_ga_core|min_fitness[14]  ; 3       ;
; ga_engine_top:u_ga_core|min_fitness[15]  ; 2       ;
; ga_engine_top:u_ga_core|min_fitness[16]  ; 3       ;
; ga_engine_top:u_ga_core|min_fitness[17]  ; 3       ;
; ga_engine_top:u_ga_core|min_fitness[18]  ; 3       ;
; ga_engine_top:u_ga_core|min_fitness[19]  ; 3       ;
; ga_engine_top:u_ga_core|min_fitness[20]  ; 3       ;
; ga_engine_top:u_ga_core|min_fitness[21]  ; 3       ;
; ga_engine_top:u_ga_core|min_fitness[22]  ; 3       ;
; ga_engine_top:u_ga_core|min_fitness[23]  ; 3       ;
; ga_engine_top:u_ga_core|min_fitness[24]  ; 3       ;
; ga_engine_top:u_ga_core|min_fitness[25]  ; 3       ;
; ga_engine_top:u_ga_core|min_fitness[26]  ; 3       ;
; ga_engine_top:u_ga_core|min_fitness[27]  ; 3       ;
; ga_engine_top:u_ga_core|min_fitness[28]  ; 3       ;
; ga_engine_top:u_ga_core|min_fitness[29]  ; 2       ;
; ga_engine_top:u_ga_core|min_fitness[30]  ; 2       ;
; ga_engine_top:u_ga_core|min_fitness[31]  ; 2       ;
; ga_engine_top:u_ga_core|lfsr[3]          ; 4       ;
; ga_engine_top:u_ga_core|lfsr[4]          ; 4       ;
; ga_engine_top:u_ga_core|lfsr[5]          ; 4       ;
; ga_engine_top:u_ga_core|lfsr[6]          ; 4       ;
; ga_engine_top:u_ga_core|lfsr[9]          ; 2       ;
; ga_engine_top:u_ga_core|lfsr[10]         ; 2       ;
; ga_engine_top:u_ga_core|lfsr[13]         ; 2       ;
; ga_engine_top:u_ga_core|lfsr[31]         ; 1       ;
; ga_engine_top:u_ga_core|lfsr[21]         ; 2       ;
; ga_engine_top:u_ga_core|lfsr[29]         ; 1       ;
; ga_engine_top:u_ga_core|lfsr[27]         ; 1       ;
; ga_engine_top:u_ga_core|lfsr[26]         ; 1       ;
; ga_engine_top:u_ga_core|lfsr[16]         ; 1       ;
; ga_engine_top:u_ga_core|lfsr[23]         ; 1       ;
; ga_engine_top:u_ga_core|lfsr[22]         ; 1       ;
; Total number of inverted registers = 79  ;         ;
+------------------------------------------+---------+


+-----------------------------------------------------------------------------------------------------------------------------------------------------------------------+
; Multiplexer Restructuring Statistics (Restructuring Performed)                                                                                                        ;
+--------------------+-----------+---------------+----------------------+------------------------+------------+---------------------------------------------------------+
; Multiplexer Inputs ; Bus Width ; Baseline Area ; Area if Restructured ; Saving if Restructured ; Registered ; Example Multiplexer Output                              ;
+--------------------+-----------+---------------+----------------------+------------------------+------------+---------------------------------------------------------+
; 5:1                ; 16 bits   ; 48 LEs        ; 0 LEs                ; 48 LEs                 ; Yes        ; |ga_top_wrapper|ga_engine_top:u_ga_core|gen_count[10]   ;
; 8:1                ; 8 bits    ; 40 LEs        ; 0 LEs                ; 40 LEs                 ; Yes        ; |ga_top_wrapper|ga_engine_top:u_ga_core|gene_idx[3]     ;
; 10:1               ; 8 bits    ; 48 LEs        ; 0 LEs                ; 48 LEs                 ; Yes        ; |ga_top_wrapper|ga_engine_top:u_ga_core|ind_idx[7]      ;
; 5:1                ; 32 bits   ; 96 LEs        ; 32 LEs               ; 64 LEs                 ; Yes        ; |ga_top_wrapper|ga_engine_top:u_ga_core|min_fitness[15] ;
; 3:1                ; 16 bits   ; 32 LEs        ; 32 LEs               ; 0 LEs                  ; No         ; |ga_top_wrapper|ga_engine_top:u_ga_core|Selector100     ;
; 9:1                ; 2 bits    ; 12 LEs        ; 6 LEs                ; 6 LEs                  ; No         ; |ga_top_wrapper|ga_engine_top:u_ga_core|Selector50      ;
; 11:1               ; 2 bits    ; 14 LEs        ; 6 LEs                ; 8 LEs                  ; No         ; |ga_top_wrapper|ga_engine_top:u_ga_core|Selector56      ;
+--------------------+-----------+---------------+----------------------+------------------------+------------+---------------------------------------------------------+


+--------------------------------------------------------------------------------+
; Parameter Settings for User Entity Instance: Top-level Entity: |ga_top_wrapper ;
+----------------+-------+-------------------------------------------------------+
; Parameter Name ; Value ; Type                                                  ;
+----------------+-------+-------------------------------------------------------+
; GENES_PER_IND  ; 30    ; Signed Integer                                        ;
; POP_SIZE       ; 32    ; Signed Integer                                        ;
; MAX_GENS       ; 1000  ; Signed Integer                                        ;
+----------------+-------+-------------------------------------------------------+
Note: In order to hide this table in the UI and the text report file, please set the "Show Parameter Settings in Synthesis Report" option in "Analysis and Synthesis Settings -> More Settings" to "Off".


+----------------------------------------------------------------------+
; Parameter Settings for User Entity Instance: ga_engine_top:u_ga_core ;
+----------------+-------+---------------------------------------------+
; Parameter Name ; Value ; Type                                        ;
+----------------+-------+---------------------------------------------+
; GENES_PER_IND  ; 30    ; Signed Integer                              ;
; POP_SIZE       ; 32    ; Signed Integer                              ;
; MAX_GENS       ; 1000  ; Signed Integer                              ;
+----------------+-------+---------------------------------------------+
Note: In order to hide this table in the UI and the text report file, please set the "Show Parameter Settings in Synthesis Report" option in "Analysis and Synthesis Settings -> More Settings" to "Off".


+------------------------------------------------------------------------------------------+
; Parameter Settings for Inferred Entity Instance: ga_engine_top:u_ga_core|lpm_divide:Div0 ;
+------------------------+----------------+------------------------------------------------+
; Parameter Name         ; Value          ; Type                                           ;
+------------------------+----------------+------------------------------------------------+
; LPM_WIDTHN             ; 32             ; Untyped                                        ;
; LPM_WIDTHD             ; 4              ; Untyped                                        ;
; LPM_NREPRESENTATION    ; UNSIGNED       ; Untyped                                        ;
; LPM_DREPRESENTATION    ; UNSIGNED       ; Untyped                                        ;
; LPM_PIPELINE           ; 0              ; Untyped                                        ;
; LPM_REMAINDERPOSITIVE  ; TRUE           ; Untyped                                        ;
; MAXIMIZE_SPEED         ; 5              ; Untyped                                        ;
; CBXI_PARAMETER         ; lpm_divide_ibm ; Untyped                                        ;
; CARRY_CHAIN            ; MANUAL         ; Untyped                                        ;
; OPTIMIZE_FOR_SPEED     ; 5              ; Untyped                                        ;
; AUTO_CARRY_CHAINS      ; ON             ; AUTO_CARRY                                     ;
; IGNORE_CARRY_BUFFERS   ; OFF            ; IGNORE_CARRY                                   ;
; AUTO_CASCADE_CHAINS    ; ON             ; AUTO_CASCADE                                   ;
; IGNORE_CASCADE_BUFFERS ; OFF            ; IGNORE_CASCADE                                 ;
+------------------------+----------------+------------------------------------------------+
Note: In order to hide this table in the UI and the text report file, please set the "Show Parameter Settings in Synthesis Report" option in "Analysis and Synthesis Settings -> More Settings" to "Off".


+------------------------------------------------------------------------------------------------------------------------------+
; Port Connectivity Checks: "ga_engine_top:u_ga_core"                                                                          ;
+--------------------+--------+----------+-------------------------------------------------------------------------------------+
; Port               ; Type   ; Severity ; Details                                                                             ;
+--------------------+--------+----------+-------------------------------------------------------------------------------------+
; current_gen[15..9] ; Output ; Info     ; Connected to dangling logic. Logic that only feeds a dangling port will be removed. ;
+--------------------+--------+----------+-------------------------------------------------------------------------------------+


+----------------------------------------------------------------------------------------------------------------+
; Port Connectivity Checks: "lfsr_32:u_lfsr"                                                                     ;
+------+--------+----------+-------------------------------------------------------------------------------------+
; Port ; Type   ; Severity ; Details                                                                             ;
+------+--------+----------+-------------------------------------------------------------------------------------+
; rnd  ; Output ; Info     ; Connected to dangling logic. Logic that only feeds a dangling port will be removed. ;
+------+--------+----------+-------------------------------------------------------------------------------------+


+-----------------------------------------------------+
; Post-Synthesis Netlist Statistics for Top Partition ;
+-----------------------+-----------------------------+
; Type                  ; Count                       ;
+-----------------------+-----------------------------+
; arriav_ff             ; 15548                       ;
;     CLR               ; 42                          ;
;     CLR SLD           ; 1                           ;
;     ENA               ; 8                           ;
;     ENA CLR           ; 105                         ;
;     ENA CLR SCLR      ; 32                          ;
;     ENA SLD           ; 15360                       ;
; arriav_lcell_comb     ; 11957                       ;
;     arith             ; 278                         ;
;         0 data inputs ; 56                          ;
;         1 data inputs ; 67                          ;
;         2 data inputs ; 45                          ;
;         3 data inputs ; 83                          ;
;         4 data inputs ; 27                          ;
;     normal            ; 11656                       ;
;         0 data inputs ; 1                           ;
;         1 data inputs ; 51                          ;
;         2 data inputs ; 127                         ;
;         3 data inputs ; 105                         ;
;         4 data inputs ; 994                         ;
;         5 data inputs ; 91                          ;
;         6 data inputs ; 10287                       ;
;     shared            ; 23                          ;
;         0 data inputs ; 3                           ;
;         1 data inputs ; 6                           ;
;         2 data inputs ; 14                          ;
; arriav_mac            ; 1                           ;
; boundary_port         ; 88                          ;
;                       ;                             ;
; Max LUT depth         ; 44.50                       ;
; Average LUT depth     ; 9.18                        ;
+-----------------------+-----------------------------+


+-------------------------------+
; Elapsed Time Per Partition    ;
+----------------+--------------+
; Partition Name ; Elapsed Time ;
+----------------+--------------+
; Top            ; 00:00:25     ;
+----------------+--------------+


+-------------------------------+
; Analysis & Synthesis Messages ;
+-------------------------------+
Info: *******************************************************************
Info: Running Quartus Prime Analysis & Synthesis
    Info: Version 20.1.1 Build 720 11/11/2020 SJ Lite Edition
    Info: Processing started: Wed Aug 26 21:31:03 2026
Info: Command: quartus_map --read_settings_files=on --write_settings_files=off Genetico -c Genetico
Warning (18236): Number of processors has not been specified which may cause overloading on shared machines.  Set the global assignment NUM_PARALLEL_PROCESSORS in your QSF to an appropriate value for best performance.
Info (20030): Parallel compilation is enabled and will use 8 of the 8 processors detected
Info (12021): Found 1 design units, including 1 entities, in source file fitness_dist_sq_3d.v
    Info (12023): Found entity 1: fitness_dist_sq_3d File: D:/Documentos/robot contro/microprocesador/FPGA/fitness_dist_sq_3d.v Line: 1
Info (12021): Found 1 design units, including 1 entities, in source file ga_engine_top.v
    Info (12023): Found entity 1: ga_engine_top File: D:/Documentos/robot contro/microprocesador/FPGA/ga_engine_top.v Line: 1
Info (12021): Found 1 design units, including 1 entities, in source file lfsr_32.v
    Info (12023): Found entity 1: lfsr_32 File: D:/Documentos/robot contro/microprocesador/FPGA/lfsr_32.v Line: 1
Info (12021): Found 1 design units, including 1 entities, in source file fitness_pipeline.v
    Info (12023): Found entity 1: fitness_pipeline File: D:/Documentos/robot contro/microprocesador/FPGA/fitness_pipeline.v Line: 1
Info (12021): Found 1 design units, including 1 entities, in source file ga_top_wrapper.v
    Info (12023): Found entity 1: ga_top_wrapper File: D:/Documentos/robot contro/microprocesador/FPGA/ga_top_wrapper.v Line: 1
Info (12021): Found 1 design units, including 1 entities, in source file isqrt32.v
    Info (12023): Found entity 1: isqrt32 File: D:/Documentos/robot contro/microprocesador/FPGA/isqrt32.v Line: 2
Info (12021): Found 1 design units, including 1 entities, in source file output_files/hex7seg.v
    Info (12023): Found entity 1: hex7seg File: D:/Documentos/robot contro/microprocesador/FPGA/output_files/hex7seg.v Line: 1
Info (12127): Elaborating entity "ga_top_wrapper" for the top level hierarchy
Info (12128): Elaborating entity "lfsr_32" for hierarchy "lfsr_32:u_lfsr" File: D:/Documentos/robot contro/microprocesador/FPGA/ga_top_wrapper.v Line: 35
Info (12128): Elaborating entity "ga_engine_top" for hierarchy "ga_engine_top:u_ga_core" File: D:/Documentos/robot contro/microprocesador/FPGA/ga_top_wrapper.v Line: 48
Warning (10036): Verilog HDL or VHDL warning at ga_engine_top.v(33): object "fitness" assigned a value but never read File: D:/Documentos/robot contro/microprocesador/FPGA/ga_engine_top.v Line: 33
Warning (10230): Verilog HDL assignment warning at ga_engine_top.v(52): truncated value with size 32 to match size of target (16) File: D:/Documentos/robot contro/microprocesador/FPGA/ga_engine_top.v Line: 52
Warning (10230): Verilog HDL assignment warning at ga_engine_top.v(53): truncated value with size 32 to match size of target (16) File: D:/Documentos/robot contro/microprocesador/FPGA/ga_engine_top.v Line: 53
Warning (10230): Verilog HDL assignment warning at ga_engine_top.v(54): truncated value with size 32 to match size of target (16) File: D:/Documentos/robot contro/microprocesador/FPGA/ga_engine_top.v Line: 54
Warning (10230): Verilog HDL assignment warning at ga_engine_top.v(158): truncated value with size 32 to match size of target (8) File: D:/Documentos/robot contro/microprocesador/FPGA/ga_engine_top.v Line: 158
Warning (10230): Verilog HDL assignment warning at ga_engine_top.v(159): truncated value with size 32 to match size of target (8) File: D:/Documentos/robot contro/microprocesador/FPGA/ga_engine_top.v Line: 159
Info (12128): Elaborating entity "hex7seg" for hierarchy "hex7seg:u_hex0" File: D:/Documentos/robot contro/microprocesador/FPGA/ga_top_wrapper.v Line: 64
Info (276014): Found 1 instances of uninferred RAM logic
    Info (276007): RAM logic "ga_engine_top:u_ga_core|population" is uninferred due to asynchronous read logic File: D:/Documentos/robot contro/microprocesador/FPGA/ga_engine_top.v Line: 32
Info (278001): Inferred 1 megafunctions from design logic
    Info (278004): Inferred divider/modulo megafunction ("lpm_divide") from the following logic: "ga_engine_top:u_ga_core|Div0" File: D:/Documentos/robot contro/microprocesador/FPGA/ga_engine_top.v Line: 142
Info (12130): Elaborated megafunction instantiation "ga_engine_top:u_ga_core|lpm_divide:Div0" File: D:/Documentos/robot contro/microprocesador/FPGA/ga_engine_top.v Line: 142
Info (12133): Instantiated megafunction "ga_engine_top:u_ga_core|lpm_divide:Div0" with the following parameter: File: D:/Documentos/robot contro/microprocesador/FPGA/ga_engine_top.v Line: 142
    Info (12134): Parameter "LPM_WIDTHN" = "32"
    Info (12134): Parameter "LPM_WIDTHD" = "4"
    Info (12134): Parameter "LPM_NREPRESENTATION" = "UNSIGNED"
    Info (12134): Parameter "LPM_DREPRESENTATION" = "UNSIGNED"
Info (12021): Found 1 design units, including 1 entities, in source file db/lpm_divide_ibm.tdf
    Info (12023): Found entity 1: lpm_divide_ibm File: D:/Documentos/robot contro/microprocesador/FPGA/db/lpm_divide_ibm.tdf Line: 25
Info (12021): Found 1 design units, including 1 entities, in source file db/sign_div_unsign_olh.tdf
    Info (12023): Found entity 1: sign_div_unsign_olh File: D:/Documentos/robot contro/microprocesador/FPGA/db/sign_div_unsign_olh.tdf Line: 25
Info (12021): Found 1 design units, including 1 entities, in source file db/alt_u_div_mve.tdf
    Info (12023): Found entity 1: alt_u_div_mve File: D:/Documentos/robot contro/microprocesador/FPGA/db/alt_u_div_mve.tdf Line: 23
Info (286030): Timing-Driven Synthesis is running
Info (17049): 4 registers lost all their fanouts during netlist optimizations.
Info (144001): Generated suppressed messages file D:/Documentos/robot contro/microprocesador/FPGA/output_files/Genetico.map.smsg
Info (16010): Generating hard_block partition "hard_block:auto_generated_inst"
    Info (16011): Adding 0 node(s), including 0 DDIO, 0 PLL, 0 transceiver and 0 LCELL
Warning (21074): Design contains 1 input pin(s) that do not drive logic
    Warning (15610): No output dependent on input pin "SW[1]" File: D:/Documentos/robot contro/microprocesador/FPGA/ga_top_wrapper.v Line: 8
Info (21057): Implemented 27441 device resources after synthesis - the final resource count might be different
    Info (21058): Implemented 4 input pins
    Info (21059): Implemented 84 output pins
    Info (21061): Implemented 27352 logic cells
    Info (21062): Implemented 1 DSP elements
Info: Quartus Prime Analysis & Synthesis was successful. 0 errors, 9 warnings
    Info: Peak virtual memory: 5064 megabytes
    Info: Processing ended: Wed Aug 26 21:31:44 2026
    Info: Elapsed time: 00:00:41
    Info: Total CPU time (on all processors): 00:00:53


+------------------------------------------+
; Analysis & Synthesis Suppressed Messages ;
+------------------------------------------+
The suppressed messages can be found in D:/Documentos/robot contro/microprocesador/FPGA/output_files/Genetico.map.smsg.


